stm32l4xx_hal_uart.c:327:19:HAL_UART_Init	16	static
stm32l4xx_hal_uart.c:402:19:HAL_HalfDuplex_Init	16	static
stm32l4xx_hal_uart.c:477:19:HAL_LIN_Init	16	static
stm32l4xx_hal_uart.c:576:19:HAL_MultiProcessor_Init	24	static
stm32l4xx_hal_uart.c:652:19:HAL_UART_DeInit	16	static
stm32l4xx_hal_uart.c:699:13:HAL_UART_MspInit	16	static
stm32l4xx_hal_uart.c:714:13:HAL_UART_MspDeInit	16	static
stm32l4xx_hal_uart.c:1089:19:HAL_UART_Transmit	40	static
stm32l4xx_hal_uart.c:1164:19:HAL_UART_Receive	48	static
stm32l4xx_hal_uart.c:1236:19:HAL_UART_Transmit_IT	24	static
stm32l4xx_hal_uart.c:1316:19:HAL_UART_Receive_IT	24	static
stm32l4xx_hal_uart.c:1403:19:HAL_UART_Transmit_DMA	24	static
stm32l4xx_hal_uart.c:1465:19:HAL_UART_Receive_DMA	24	static
stm32l4xx_hal_uart.c:1525:19:HAL_UART_DMAPause	16	static
stm32l4xx_hal_uart.c:1558:19:HAL_UART_DMAResume	16	static
stm32l4xx_hal_uart.c:1592:19:HAL_UART_DMAStop	16	static
stm32l4xx_hal_uart.c:1646:19:HAL_UART_Abort	16	static
stm32l4xx_hal_uart.c:1730:19:HAL_UART_AbortTransmit	16	static
stm32l4xx_hal_uart.c:1786:19:HAL_UART_AbortReceive	16	static
stm32l4xx_hal_uart.c:1843:19:HAL_UART_Abort_IT	24	static
stm32l4xx_hal_uart.c:1994:19:HAL_UART_AbortTransmit_IT	16	static
stm32l4xx_hal_uart.c:2090:19:HAL_UART_AbortReceive_IT	16	static
stm32l4xx_hal_uart.c:2179:6:HAL_UART_IRQHandler	32	static
stm32l4xx_hal_uart.c:2426:13:HAL_UART_TxCpltCallback	16	static
stm32l4xx_hal_uart.c:2441:13:HAL_UART_TxHalfCpltCallback	16	static
stm32l4xx_hal_uart.c:2456:13:HAL_UART_RxCpltCallback	16	static
stm32l4xx_hal_uart.c:2471:13:HAL_UART_RxHalfCpltCallback	16	static
stm32l4xx_hal_uart.c:2486:13:HAL_UART_ErrorCallback	16	static
stm32l4xx_hal_uart.c:2501:13:HAL_UART_AbortCpltCallback	16	static
stm32l4xx_hal_uart.c:2516:13:HAL_UART_AbortTransmitCpltCallback	16	static
stm32l4xx_hal_uart.c:2531:13:HAL_UART_AbortReceiveCpltCallback	16	static
stm32l4xx_hal_uart.c:2575:19:HAL_MultiProcessor_EnableMuteMode	16	static
stm32l4xx_hal_uart.c:2596:19:HAL_MultiProcessor_DisableMuteMode	16	static
stm32l4xx_hal_uart.c:2617:6:HAL_MultiProcessor_EnterMuteMode	16	static
stm32l4xx_hal_uart.c:2627:19:HAL_HalfDuplex_EnableTransmitter	16	static
stm32l4xx_hal_uart.c:2652:19:HAL_HalfDuplex_EnableReceiver	16	static
stm32l4xx_hal_uart.c:2678:19:HAL_LIN_SendBreak	16	static
stm32l4xx_hal_uart.c:2725:23:HAL_UART_GetState	24	static
stm32l4xx_hal_uart.c:2740:10:HAL_UART_GetError	16	static
stm32l4xx_hal_uart.c:2787:19:UART_SetConfig	48	static
stm32l4xx_hal_uart.c:3090:6:UART_AdvFeatureConfig	16	static
stm32l4xx_hal_uart.c:3164:19:UART_CheckIdleState	32	static
stm32l4xx_hal_uart.c:3214:19:UART_WaitOnFlagUntilTimeout	24	static
stm32l4xx_hal_uart.c:3251:13:UART_EndTxTransfer	16	static
stm32l4xx_hal_uart.c:3272:13:UART_EndRxTransfer	16	static
stm32l4xx_hal_uart.c:3296:13:UART_DMATransmitCplt	24	static
stm32l4xx_hal_uart.c:3330:13:UART_DMATxHalfCplt	24	static
stm32l4xx_hal_uart.c:3348:13:UART_DMAReceiveCplt	24	static
stm32l4xx_hal_uart.c:3383:13:UART_DMARxHalfCplt	24	static
stm32l4xx_hal_uart.c:3401:13:UART_DMAError	24	static
stm32l4xx_hal_uart.c:3438:13:UART_DMAAbortOnError	24	static
stm32l4xx_hal_uart.c:3461:13:UART_DMATxAbortCallback	24	static
stm32l4xx_hal_uart.c:3517:13:UART_DMARxAbortCallback	24	static
stm32l4xx_hal_uart.c:3568:13:UART_DMATxOnlyAbortCallback	24	static
stm32l4xx_hal_uart.c:3603:13:UART_DMARxOnlyAbortCallback	24	static
stm32l4xx_hal_uart.c:3635:13:UART_TxISR_8BIT	16	static
stm32l4xx_hal_uart.c:3667:13:UART_TxISR_16BIT	24	static
stm32l4xx_hal_uart.c:3777:13:UART_EndTransmit_IT	16	static
stm32l4xx_hal_uart.c:3802:13:UART_RxISR_8BIT	32	static
stm32l4xx_hal_uart.c:3854:13:UART_RxISR_16BIT	24	static
