acc_hal_integration_single_thread_stm32cube_xc111_r4a.c:75:13:acc_hal_integration_sleep_us	16	static
acc_hal_integration_single_thread_stm32cube_xc111_r4a.c:81:13:acc_hal_integration_sensor_transfer	32	static
acc_hal_integration_single_thread_stm32cube_xc111_r4a.c:93:13:acc_hal_integration_reset_sensor	8	static
acc_hal_integration_single_thread_stm32cube_xc111_r4a.c:111:13:acc_hal_integration_all_sensors_inactive	4	static
acc_hal_integration_single_thread_stm32cube_xc111_r4a.c:122:13:acc_hal_integration_sensor_power_on	16	static
acc_hal_integration_single_thread_stm32cube_xc111_r4a.c:164:13:acc_hal_integration_sensor_power_off	24	static
acc_hal_integration_single_thread_stm32cube_xc111_r4a.c:186:13:acc_hal_integration_wait_for_sensor_interrupt	24	static,ignoring_inline_asm
acc_hal_integration_single_thread_stm32cube_xc111_r4a.c:209:14:acc_hal_integration_get_reference_frequency	4	static
acc_hal_integration_single_thread_stm32cube_xc111_r4a.c:215:17:acc_hal_integration_get_current_time	8	static
acc_hal_integration_single_thread_stm32cube_xc111_r4a.c:221:13:acc_hal_integration_log	80	static
acc_hal_integration_single_thread_stm32cube_xc111_r4a.c:238:11:acc_hal_integration_get_implementation	72	static
